
> next-app@0.1.0 build
> next build

node.exe : ΓÜá 
turbopack.root should be 
absolute, using: C:\Users\J
aihind\OneDrive\Desktop\drr
ohit\Dentist Clinic
At line:1 char:1
+ & "C:\Program 
Files\nodejs/node.exe" 
"C:\Program 
Files\nodejs/node_mo ...
+ ~~~~~~~~~~~~~~~~~~~~~~~~~
~~~~~~~~~~~~~~~~~~~~~~~~~~~
~~~~~~~~~~~~~~~~~
    + CategoryInfo         
     : NotSpecified: (ΓÜá  
   turbopack.r...\Dentis   
 t Clinic:String) [], R    
emoteException
    + FullyQualifiedErrorI 
   d : NativeCommandError
 
Γû▓ Next.js 16.2.2 (Turbopack)
- Environments: .env

  Creating an optimized production build ...

> Build error occurred
Error: Turbopack build 
failed with 1 errors:
./src/app/globals.css
Error evaluating Node.js 
code
CssSyntaxError: C:\Users\Ja
ihind\OneDrive\Desktop\drro
hit\Dentist Clinic\src\app\
globals.css:16:19: Unknown 
word --color-accent
    at Input.error (node_mo
dules/postcss/lib/input.js:
135:16) [C:\Users\Jaihind\O
neDrive\Desktop\drrohit\Den
tist Clinic\.next\build\chu
nks\node_modules_13sb.px._.
js:4651:22]
    at error (node_modules/
postcss/lib/parser.js:595:2
2) [C:\Users\Jaihind\OneDri
ve\Desktop\drrohit\Dentist 
Clinic\.next\build\chunks\n
ode_modules_13sb.px._.js:58
35:26]
    at unknownWord (node_mo
dules/postcss/lib/parser.js
:236:16) [C:\Users\Jaihind\
OneDrive\Desktop\drrohit\De
ntist Clinic\.next\build\ch
unks\node_modules_13sb.px._
.js:5518:26]
    at decl (node_modules/p
ostcss/lib/parser.js:401:18
) [C:\Users\Jaihind\OneDriv
e\Desktop\drrohit\Dentist C
linic\.next\build\chunks\no
de_modules_13sb.px._.js:566
4:30]
    at other (node_modules/
postcss/lib/parser.js:472:1
6) [C:\Users\Jaihind\OneDri
ve\Desktop\drrohit\Dentist 
Clinic\.next\build\chunks\n
ode_modules_13sb.px._.js:57
24:26]
    at parse (node_modules/
postcss/lib/parse.js:11:12)
 [C:\Users\Jaihind\OneDrive
\Desktop\drrohit\Dentist Cl
inic\.next\build\chunks\nod
e_modules_13sb.px._.js:5861
:16]
    at parser (node_modules
/postcss/lib/lazy-result.js
:165:16) [C:\Users\Jaihind\
OneDrive\Desktop\drrohit\De
ntist Clinic\.next\build\ch
unks\node_modules_13sb.px._
.js:6113:24]
    at Processor.process (n
ode_modules/postcss/lib/pro
cessor.js:53:14) [C:\Users\
Jaihind\OneDrive\Desktop\dr
rohit\Dentist Clinic\.next\
build\chunks\node_modules_1
3sb.px._.js:6579:20]
    at process (turbopack:/
//[turbopack-node]/transfor
ms/postcss.ts:70:51) [C:\Us
ers\Jaihind\OneDrive\Deskto
p\drrohit\Dentist Clinic\.n
ext\build\chunks\[root-of-t
he-server]__0d-m0h0._.js:14
6:52]
    at getValue (turbopack:
///[turbopack-node]/child_p
rocess/evaluate.ts:89:29) [
C:\Users\Jaihind\OneDrive\D
esktop\drrohit\Dentist Clin
ic\.next\build\chunks\[root
-of-the-server]__0ubbtyl._.
js:443:37]

Import trace:
  Client Component Browser:
    ./src/app/globals.css 
[Client Component Browser]
    ./src/app/layout.tsx 
[Server Component]


    at process (turbopack:/
//[turbopack-node]/transfor
ms/postcss.ts:70:51) [C:\Us
ers\Jaihind\OneDrive\Deskto
p\drrohit\Dentist Clinic\.n
ext\build\chunks\[root-of-t
he-server]__0d-m0h0._.js:14
6:52])
    at getValue (turbopack:
///[turbopack-node]/child_p
rocess/evaluate.ts:89:29) [
C:\Users\Jaihind\OneDrive\D
esktop\drrohit\Dentist Clin
ic\.next\build\chunks\[root
-of-the-server]__0ubbtyl._.
js:443:37])
